../Core/Src/main.c:136:5:main	40	static
../Core/Src/main.c:344:6:SystemClock_Config	120	static
../Core/Src/main.c:394:13:MX_ADC_Init	16	static
../Core/Src/main.c:450:13:MX_RTC_Init	8	static
../Core/Src/main.c:493:13:MX_SPI1_Init	8	static
../Core/Src/main.c:531:13:MX_USART1_UART_Init	8	static
../Core/Src/main.c:565:13:MX_DMA_Init	16	static
../Core/Src/main.c:583:13:MX_GPIO_Init	48	static
../Core/Src/main.c:611:6:HAL_ADC_ConvHalfCpltCallback	16	static
../Core/Src/main.c:615:6:HAL_ADC_ConvCpltCallback	16	static
../Core/Src/main.c:619:6:BME280_SPI_Read	32	static
../Core/Src/main.c:631:6:BME280_SPI_Write	32	static
../Core/Src/main.c:643:6:stream_sensor_data_normal_mode	24	static
../Core/Src/main.c:666:9:BMA456_Check_Connection	24	static
../Core/Src/main.c:686:6:BMA456_Init	8	static
../Core/Src/main.c:720:6:BMA456_Get_Sensor_Data	40	static
../Core/Src/main.c:732:6:BMA456_SPI_Read	32	static
../Core/Src/main.c:744:6:BMA456_SPI_Write	32	static
../Core/Src/main.c:773:6:Error_Handler	8	static,ignoring_inline_asm
