../Core/Src/stm32l0xx_hal_msp.c:64:6:HAL_MspInit	8	static
../Core/Src/stm32l0xx_hal_msp.c:86:6:HAL_ADC_MspInit	48	static
../Core/Src/stm32l0xx_hal_msp.c:137:6:HAL_ADC_MspDeInit	16	static
../Core/Src/stm32l0xx_hal_msp.c:167:6:HAL_RTC_MspInit	16	static
../Core/Src/stm32l0xx_hal_msp.c:192:6:HAL_RTC_MspDeInit	16	static
../Core/Src/stm32l0xx_hal_msp.c:217:6:HAL_SPI_MspInit	48	static
../Core/Src/stm32l0xx_hal_msp.c:254:6:HAL_SPI_MspDeInit	16	static
../Core/Src/stm32l0xx_hal_msp.c:284:6:HAL_UART_MspInit	48	static
../Core/Src/stm32l0xx_hal_msp.c:320:6:HAL_UART_MspDeInit	16	static
